// Jest Snapshot v1, https://goo.gl/fbAQLP

exports[`CardComponent renders correctly 1`] = `
<Card
  className="bg-success"
  style={
    Object {
      "marginBottom": "30px",
      "marginLeft": "auto",
      "marginRight": "auto",
      "marginTop": "0px",
      "maxWidth": "350px",
      "padding": "20px",
    }
  }
  tag="div"
>
  <GracefulImage
    alt="card image"
    className={null}
    height={null}
    noLazyLoad={false}
    noPlaceholder={false}
    noRetry={false}
    placeholderColor="#6c757d"
    retry={
      Object {
        "count": 10,
        "delay": 2,
      }
    }
    src="bluewizard.jpg"
    style={Object {}}
    width="100%"
  />
</Card>
`;
